00:02.344  blend            | Read blend: "D:\project\blender666\AshenColiseum\AshenColiseum.blend"
Информация: Запечённая карта сохранена во внутреннее изображение, сохраните его во внешнем файле или упакуйте его
BAKED 00 / Foundation Color
Информация: Запечённая карта сохранена во внутреннее изображение, сохраните его во внешнем файле или упакуйте его
BAKED 01 / Coliseum / ceremonial floor Color
Информация: Запечённая карта сохранена во внутреннее изображение, сохраните его во внешнем файле или упакуйте его
BAKED 02 / Coliseum / seating galleries Color
Информация: Запечённая карта сохранена во внутреннее изображение, сохраните его во внешнем файле или упакуйте его
BAKED 03 / Coliseum / double arcade Color
Информация: Запечённая карта сохранена во внутреннее изображение, сохраните его во внешнем файле или упакуйте его
BAKED 04 / Coliseum / axial gatehouses Color
Информация: Запечённая карта сохранена во внутреннее изображение, сохраните его во внешнем файле или упакуйте его
BAKED 05 / Court I / Ember forge Color
Информация: Запечённая карта сохранена во внутреннее изображение, сохраните его во внешнем файле или упакуйте его
BAKED 09 / Bridges / 1 Color
Информация: Запечённая карта сохранена во внутреннее изображение, сохраните его во внешнем файле или упакуйте его
BAKED 06 / Court II / Moon sanctuary Color
Информация: Запечённая карта сохранена во внутреннее изображение, сохраните его во внешнем файле или упакуйте его
BAKED 09 / Bridges / 2 Color
Информация: Запечённая карта сохранена во внутреннее изображение, сохраните его во внешнем файле или упакуйте его
BAKED 07 / Court III / Thorn garden Color
Информация: Запечённая карта сохранена во внутреннее изображение, сохраните его во внешнем файле или упакуйте его
BAKED 09 / Bridges / 3 Color
Информация: Запечённая карта сохранена во внутреннее изображение, сохраните его во внешнем файле или упакуйте его
BAKED 08 / Court IV / Fallen kings Color
Информация: Запечённая карта сохранена во внутреннее изображение, сохраните его во внешнем файле или упакуйте его
BAKED 09 / Bridges / 4 Color
Информация: Запечённая карта сохранена во внутреннее изображение, сохраните его во внешнем файле или упакуйте его
BAKED 10 / Dressing / inner lighting Color
Информация: Запечённая карта сохранена во внутреннее изображение, сохраните его во внешнем файле или упакуйте его
BAKED 11 / Landscape / distant slate Color
BASE_COLOR_CORRECTION_COMPLETE 15
Blender 5.2.2 LTS (hash d13f752e3b9c built 2026-09-15 01:37:04)
